Info: Load BulletML: morph/248shot.xml
Info: Load BulletML: morph/3way.xml
Info: Load BulletML: morph/6gt.xml
Info: Load BulletML: morph/accel.xml
Info: Load BulletML: morph/bar.xml
Info: Load BulletML: morph/divide.xml
Info: Load BulletML: morph/fire_slowshot.xml
Info: Load BulletML: morph/kr1b_bit_shot.xml
Info: Load BulletML: morph/nway.xml
Info: Load BulletML: morph/sideway.xml
Info: Load BulletML: morph/side_back_shot.xml
Info: Load BulletML: morph/slowdown.xml
Info: Load BulletML: morph/spread.xml
Info: Load BulletML: morph/twin.xml
Info: Load BulletML: morph/wide.xml
Info: Load BulletML: small/shot.xml
Info: Load BulletML: smallmove/248shot.xml
Info: Load BulletML: smallmove/3waychase.xml
Info: Load BulletML: smallmove/6gt.xml
Info: Load BulletML: smallmove/accel.xml
Info: Load BulletML: smallmove/accum.xml
Info: Load BulletML: smallmove/bar.xml
Info: Load BulletML: smallmove/bit_move.xml
Info: Load BulletML: smallmove/ikr5_vrp.xml
Info: Load BulletML: smallmove/kr1_boss_bit.xml
Info: Load BulletML: smallmove/nway.xml
Info: Load BulletML: smallmove/rndway.xml
Info: Load BulletML: smallmove/slowdown.xml
Info: Load BulletML: smallmove/spread.xml
Info: Load BulletML: smallmove/twin.xml
Info: Load BulletML: smallmove/twin_extend.xml
Info: Load BulletML: smallsidemove/3waychase.xml
Info: Load BulletML: smallsidemove/downaccel.xml
Info: Load BulletML: smallsidemove/straight.xml
Info: Load BulletML: smallsidemove/upaccel.xml
Info: Load BulletML: middle/2round.xml
Info: Load BulletML: middle/4way.xml
Info: Load BulletML: middle/double_roll_seeds.xml
Info: Load BulletML: middle/dr1_boss_3.xml
Info: Load BulletML: middle/kr3_boss_fastspread.xml
Info: Load BulletML: middle/nwroll.xml
Info: Load BulletML: middle/roll2way.xml
Info: Load BulletML: middle/roll4way.xml
Info: Load BulletML: middle/shotgun.xml
Info: Load BulletML: middle/spread_bf.xml
Info: Load BulletML: middlesub/shot.xml
Info: Load BulletML: middlemove/back.xml
Info: Load BulletML: middlemove/curve.xml
Info: Load BulletML: middlemove/down.xml
Info: Load BulletML: middlemove/down_fast.xml
Info: Load BulletML: middlemove/down_slow.xml
Info: Load BulletML: middlebackmove/up.xml
Info: Load BulletML: large/57way.xml
Info: Load BulletML: large/88way.xml
Info: Load BulletML: large/allround.xml
Info: Load BulletML: large/dr1_boss_1.xml
Info: Load BulletML: large/dr1_boss_2.xml
Info: Load BulletML: large/forward_3way.xml
Info: Load BulletML: large/grow.xml
Info: Load BulletML: large/growround.xml
Info: Load BulletML: large/kr4_boss_rb_rockets.xml
Info: Load BulletML: large/mnway.xml
Info: Load BulletML: large/nway.xml
Info: Load BulletML: large/pxa_boss_opening.xml
Info: Load BulletML: large/spread2blt.xml
Info: Load BulletML: large/wide_spread.xml
Info: Load BulletML: largemove/down.xml
Info: Load BulletML: largemove/down_slow.xml
Info: Load BulletML: morph_lock/248shot.xml
Info: Load BulletML: morph_lock/3way.xml
Info: Load BulletML: morph_lock/6gt.xml
Info: Load BulletML: morph_lock/accel.xml
Info: Load BulletML: morph_lock/bar.xml
Info: Load BulletML: morph_lock/divide.xml
Info: Load BulletML: morph_lock/fire_slowshot.xml
Info: Load BulletML: morph_lock/kr1b_bit_shot.xml
Info: Load BulletML: morph_lock/nway.xml
Info: Load BulletML: morph_lock/sideway.xml
Info: Load BulletML: morph_lock/side_back_shot.xml
Info: Load BulletML: morph_lock/slowdown.xml
Info: Load BulletML: morph_lock/spread.xml
Info: Load BulletML: morph_lock/twin.xml
Info: Load BulletML: morph_lock/wide.xml
Info: Load BulletML: small_lock/shot.xml
Info: Load BulletML: middlesub_lock/shot.xml
